// Jest Snapshot v1, https://goo.gl/fbAQLP

exports[`NotFound Should render NotFound correctly 1`] = `
<span>
  404 Not Found
</span>
`;
